Command line:  blastp-kegg_intersec.py --blast ..\teste\y2822_sprot_blastp_final_test.txt --kegg ..\teste\y2822_ghostKOALA_test.top --fasta
..\teste\noHitsSeq.faa --out intersect3

=== Annotation Summary ===
Total KEGG queries .......................:  696
KEGG queries (score ≥ threshold) .........:  294
Queries only in KEGG .....................:  9
Total SwissProt queries ..................:  698
SwissProt queries (with hit) .............:  151
Queries only in SwissProt ................:  1
Total NR queries .........................:  698
NR queries (with hit) ....................:  414
Queries only in NR .......................:  111
Queries shared queries ...................:  132
Queries with no identification ...........:  274
===========================================



=== List of queries only found against KEGG ===
{'g3878.t1', 'g4345.t1', 'g2954.t1', 'g4426.t1', 'g311.t1', 'g365.t1', 'g3723.t1', 'g4663.t1', 'g6591.t1', 'g4549.t1', 'g2968.t1', 'g6791.t1',
'g2671.t1', 'g4525.t1', 'g5964.t1', 'g7878.t1', 'g7441.t1', 'g8134.t1', 'g2707.t1', 'g2303.t1', 'g2139.t1', 'g3716.t1', 'g60.t1', 'g1871.t1',
'g6569.t1', 'g810.t1', 'g6746.t1', 'g5252.t1', 'g6440.t1', 'g6956.t1', 'g1195.t1', 'g5134.t1', 'g2867.t1', 'g2765.t1', 'g2692.t1', 'g4641.t1',
'g2678.t1', 'g7716.t1', 'g4123.t1', 'g8012.t1', 'g744.t1', 'g5120.t1', 'g6067.t1', 'g3777.t1', 'g8007.t1', 'g4369.t1', 'g6179.t1', 'g1175.t1',
'g2437.t1', 'g2971.t1', 'g3692.t1', 'g1515.t1', 'g7456.t1', 'g3534.t1', 'g4721.t1', 'g3971.t1', 'g2428.t1', 'g2629.t1', 'g7194.t1', 'g2072.t1',
'g7037.t1', 'g6478.t2', 'g2092.t1', 'g199.t1', 'g1237.t1', 'g6431.t1', 'g7144.t1', 'g3637.t1', 'g6250.t1', 'g2845.t1', 'g3911.t1', 'g813.t1',
'g6297.t1', 'g7462.t1', 'g5857.t1', 'g3102.t1', 'g7845.t1', 'g1116.t1', 'g4598.t1', 'g322.t1', 'g2940.t1', 'g4254.t1', 'g628.t1', 'g7314.t1',
'g991.t1', 'g4287.t1', 'g7801.t1', 'g6043.t1', 'g1523.t1', 'g3363.t1', 'g760.t1', 'g2935.t1', 'g2969.t1', 'g8100.t1', 'g1030.t1', 'g2609.t1',
'g6322.t1', 'g399.t1', 'g1029.t1', 'g5241.t1', 'g4744.t1', 'g615.t1', 'g3218.t1', 'g2236.t1', 'g1484.t1', 'g6758.t1', 'g1336.t1', 'g7050.t1',
'g7130.t1', 'g7088.t1', 'g3731.t1', 'g100.t1', 'g6390.t1', 'g5036.t1', 'g1303.t1', 'g6978.t1', 'g79.t1', 'g7538.t1', 'g7829.t1', 'g3214.t1',
'g7869.t1', 'g2739.t1', 'g6272.t1', 'g3361.t1', 'g6901.t1', 'g2670.t1', 'g2794.t1', 'g5318.t1', 'g3639.t1', 'g4830.t1', 'g5305.t1', 'g3457.t1',
'g4116.t1', 'g1370.t1', 'g1530.t1', 'g4515.t1', 'g1772.t1', 'g3730.t1', 'g2986.t1', 'g7565.t1', 'g2834.t1', 'g3826.t1', 'g4300.t1', 'g7368.t1',
'g5001.t1', 'g1803.t1', 'g7124.t1', 'g1779.t1', 'g1613.t1', 'g4754.t1', 'g3219.t1', 'g7482.t1', 'g4826.t1', 'g4652.t1', 'g712.t1', 'g1127.t1',
'g2289.t1', 'g4114.t1', 'g5464.t1', 'g6341.t1', 'g58.t1', 'g2236.t2', 'g4800.t1', 'g1158.t1', 'g338.t1', 'g4988.t1', 'g6812.t1', 'g223.t1',
'g1218.t1', 'g6044.t1', 'g6195.t1', 'g7017.t1', 'g99.t1', 'g8233.t1', 'g5268.t1', 'g7709.t1', 'g2488.t1', 'g3246.t1', 'g204.t1', 'g3272.t1',
'g2619.t1', 'g560.t1', 'g5124.t1', 'g3969.t1', 'g3011.t1', 'g768.t1', 'g3941.t1', 'g6504.t1', 'g6752.t1', 'g1689.t1', 'g6419.t1', 'g5363.t1',
'g676.t1', 'g5046.t1', 'g3642.t1', 'g3830.t1', 'g2301.t1', 'g4368.t1', 'g6992.t1', 'g3036.t1', 'g7374.t1', 'g7604.t1', 'g3251.t1', 'g7735.t1',
'g2586.t1', 'g7025.t1', 'g7357.t1', 'g18.t1', 'g3898.t1', 'g4840.t1', 'g1300.t1', 'g3456.t1', 'g3462.t1', 'g6511.t1', 'g254.t1', 'g8115.t1',
'g6542.t1', 'g4942.t1', 'g5840.t1', 'g7980.t1', 'g5385.t1', 'g3626.t1', 'g2766.t1', 'g7035.t1', 'g2486.t1', 'g2623.t1', 'g961.t1', 'g3721.t1',
'g7782.t1', 'g2206.t1', 'g2298.t1', 'g4887.t1', 'g7313.t1', 'g7907.t1', 'g6090.t2', 'g2628.t1', 'g2578.t1', 'g8011.t1', 'g4419.t1', 'g2723.t1',
'g6127.t1', 'g5834.t1', 'g2174.t1', 'g5025.t1', 'g1613.t2', 'g1152.t1', 'g4649.t1', 'g5061.t1', 'g1431.t1', 'g5909.t1', 'g5813.t1', 'g7029.t2',
'g2508.t1', 'g1136.t1', 'g2538.t1', 'g4958.t1', 'g433.t1', 'g1674.t1', 'g2475.t1', 'g5041.t1', 'g3227.t1', 'g7368.t2', 'g6924.t1', 'g1115.t1',
'g6990.t1', 'g1417.t1', 'g7660.t1', 'g7680.t1', 'g5271.t1', 'g6961.t1', 'g3180.t1', 'g8168.t1', 'g2816.t1', 'g4505.t1', 'g909.t1', 'g390.t1',
'g1943.t1', 'g7446.t1', 'g5889.t1', 'g2298.t2', 'g4843.t1', 'g5998.t1', 'g7039.t1', 'g6425.t1', 'g2975.t1', 'g859.t1', 'g5993.t1', 'g812.t1',
'g4440.t1', 'g6762.t1', 'g7373.t1', 'g6828.t1', 'g8041.t1', 'g2474.t1'}


=== List of queries only found against SwissProt ===
{'g3878.t1', 'g4345.t1', 'g311.t1', 'g6591.t1', 'g4549.t1', 'g2671.t1', 'g4525.t1', 'g344.t2', 'g5964.t1', 'g7878.t1', 'g8134.t1', 'g7788.t1',
'g2303.t1', 'g6630.t1', 'g3716.t1', 'g1871.t1', 'g6654.t1', 'g6569.t1', 'g6746.t1', 'g6288.t1', 'g1195.t1', 'g2867.t1', 'g2765.t1', 'g2678.t1',
'g744.t1', 'g5120.t1', 'g1814.t1', 'g2437.t1', 'g3692.t1', 'g1515.t1', 'g67.t1', 'g3534.t1', 'g1301.t1', 'g2428.t1', 'g7194.t1', 'g7037.t1',
'g521.t1', 'g7144.t1', 'g6250.t1', 'g3911.t1', 'g813.t1', 'g5857.t1', 'g4598.t1', 'g346.t1', 'g628.t1', 'g7801.t1', 'g6678.t1', 'g8100.t1',
'g2609.t1', 'g6322.t1', 'g5241.t1', 'g4744.t1', 'g1310.t1', 'g2236.t1', 'g1484.t1', 'g100.t1', 'g7130.t1', 'g3731.t1', 'g6390.t1', 'g5036.t1',
'g7538.t1', 'g3214.t1', 'g6272.t1', 'g4830.t1', 'g5867.t1', 'g5318.t1', 'g4116.t1', 'g4300.t1', 'g7368.t1', 'g5001.t1', 'g1613.t1', 'g4754.t1',
'g4826.t1', 'g4652.t1', 'g712.t1', 'g1127.t1', 'g2289.t1', 'g5464.t1', 'g6341.t1', 'g58.t1', 'g2236.t2', 'g4800.t1', 'g1158.t1', 'g6812.t1', 'g99.t1',
'g7017.t1', 'g5268.t1', 'g1119.t1', 'g3272.t1', 'g3969.t1', 'g3011.t1', 'g768.t1', 'g3941.t1', 'g6504.t1', 'g7682.t1', 'g6752.t1', 'g1689.t1',
'g6419.t1', 'g5363.t1', 'g676.t1', 'g5046.t1', 'g3642.t1', 'g2301.t1', 'g7374.t1', 'g7604.t1', 'g3251.t1', 'g7735.t1', 'g2586.t1', 'g18.t1', 'g92.t1',
'g3898.t1', 'g4840.t1', 'g1300.t1', 'g6511.t1', 'g5840.t1', 'g5385.t1', 'g2766.t1', 'g7782.t1', 'g2206.t1', 'g2298.t1', 'g4887.t1', 'g7313.t1',
'g8011.t1', 'g4419.t1', 'g2723.t1', 'g1613.t2', 'g4649.t1', 'g5061.t1', 'g5909.t1', 'g2508.t1', 'g7029.t2', 'g433.t1', 'g1674.t1', 'g1008.t1',
'g2475.t1', 'g7368.t2', 'g867.t1', 'g6990.t1', 'g1417.t1', 'g7660.t1', 'g7680.t1', 'g5271.t1', 'g7446.t1', 'g2298.t2', 'g7039.t1', 'g2975.t1',
'g812.t1', 'g1854.t1', 'g7373.t1', 'g8041.t1', 'g2474.t1'}


=== List of queries only found against NR ===
{'g3878.t1', 'g4345.t1', 'g3723.t1', 'g98.t1', 'g4525.t1', 'g5964.t1', 'g8134.t1', 'g7788.t1', 'g2662.t1', 'g2139.t1', 'g810.t1', 'g5252.t1',
'g5134.t1', 'g2867.t1', 'g2692.t1', 'g2678.t1', 'g5205.t1', 'g1813.t1', 'g6179.t1', 'g2971.t1', 'g3534.t1', 'g576.t1', 'g2072.t1', 'g7037.t1',
'g2092.t1', 'g1237.t1', 'g7223.t2', 'g6431.t1', 'g1638.t1', 'g2845.t1', 'g5857.t1', 'g1116.t1', 'g4598.t1', 'g2940.t1', 'g4254.t1', 'g760.t1',
'g2935.t1', 'g2609.t1', 'g2910.t1', 'g5241.t1', 'g7125.t2', 'g327.t1', 'g7130.t1', 'g3731.t1', 'g5036.t1', 'g7538.t1', 'g6272.t1', 'g5305.t1',
'g523.t1', 'g1530.t1', 'g1772.t1', 'g3730.t1', 'g3387.t1', 'g3826.t1', 'g5001.t1', 'g7124.t1', 'g3219.t1', 'g4826.t1', 'g345.t2', 'g4800.t1',
'g5297.t1', 'g2146.t1', 'g6716.t1', 'g223.t1', 'g1218.t1', 'g3246.t1', 'g560.t1', 'g4973.t1', 'g3642.t1', 'g4368.t1', 'g3036.t1', 'g5925.t1',
'g7735.t1', 'g7357.t1', 'g1812.t1', 'g4840.t1', 'g3456.t1', 'g6542.t1', 'g7126.t1', 'g7574.t1', 'g3721.t1', 'g7907.t1', 'g2578.t1', 'g6127.t1',
'g8030.t1', 'g3463.t1', 'g3205.t1', 'g6896.t1', 'g1431.t1', 'g5061.t1', 'g1493.t1', 'g7368.t2', 'g6924.t1', 'g7052.t1', 'g2044.t1', 'g8168.t1',
'g3127.t2', 'g5889.t1', 'g7039.t1', 'g7626.t1', 'g859.t1', 'g7992.t1', 'g311.t1', 'g8147.t1', 'g7223.t1', 'g2968.t1', 'g2671.t1', 'g1685.t1',
'g5540.t1', 'g7221.t1', 'g3716.t1', 'g6654.t1', 'g6746.t1', 'g3563.t1', 'g6956.t1', 'g1195.t1', 'g4641.t1', 'g2936.t1', 'g744.t1', 'g3448.t1',
'g6067.t1', 'g8007.t1', 'g5120.t1', 'g2437.t1', 'g7456.t1', 'g67.t1', 'g4721.t1', 'g1301.t1', 'g3182.t1', 'g6478.t2', 'g199.t1', 'g4576.t1',
'g834.t1', 'g521.t1', 'g7144.t1', 'g813.t1', 'g3102.t1', 'g322.t1', 'g4339.t1', 'g628.t1', 'g7314.t1', 'g7801.t1', 'g6043.t1', 'g3363.t1', 'g1317.t1',
'g2969.t1', 'g8100.t1', 'g1030.t1', 'g2102.t1', 'g6322.t1', 'g399.t1', 'g1029.t1', 'g4744.t1', 'g615.t1', 'g3218.t1', 'g5993.t1', 'g6758.t1',
'g6390.t1', 'g6978.t1', 'g3214.t1', 'g7869.t1', 'g2794.t1', 'g2986.t1', 'g7368.t1', 'g1613.t1', 'g7482.t1', 'g849.t1', 'g1127.t1', 'g4504.t1',
'g6341.t1', 'g58.t1', 'g2236.t2', 'g99.t1', 'g6044.t1', 'g8233.t1', 'g204.t1', 'g549.t1', 'g3969.t1', 'g3011.t1', 'g768.t1', 'g3941.t1', 'g6504.t1',
'g5363.t1', 'g4577.t1', 'g7374.t1', 'g7604.t1', 'g3251.t1', 'g6511.t1', 'g254.t1', 'g4942.t1', 'g5840.t1', 'g3626.t1', 'g7399.t1', 'g4818.t1',
'g2271.t2', 'g6090.t2', 'g8011.t1', 'g4436.t1', 'g1613.t2', 'g4649.t1', 'g5025.t1', 'g2915.t1', 'g5909.t1', 'g2538.t1', 'g1136.t1', 'g4886.t1',
'g433.t1', 'g3227.t1', 'g5165.t1', 'g723.t1', 'g1115.t1', 'g5271.t1', 'g3180.t1', 'g4550.t1', 'g7069.t1', 'g2298.t2', 'g4843.t1', 'g812.t1',
'g8041.t1', 'g3095.t1', 'g2954.t1', 'g4426.t1', 'g4817.t1', 'g4569.t1', 'g5992.t1', 'g616.t1', 'g4549.t1', 'g6791.t1', 'g6630.t1', 'g6440.t1',
'g2644.t1', 'g2765.t1', 'g8012.t1', 'g2599.t1', 'g781.t1', 'g1175.t1', 'g3692.t1', 'g1515.t1', 'g7125.t1', 'g3971.t1', 'g309.t1', 'g6250.t1',
'g3911.t1', 'g6297.t1', 'g7845.t1', 'g991.t1', 'g4287.t1', 'g1523.t1', 'g6678.t1', 'g1310.t1', 'g4100.t1', 'g2236.t1', 'g1336.t1', 'g7088.t1',
'g7070.t1', 'g100.t1', 'g2241.t1', 'g3050.t1', 'g1303.t1', 'g79.t1', 'g7829.t1', 'g3639.t1', 'g6901.t1', 'g4830.t1', 'g5318.t1', 'g6520.t1',
'g3457.t1', 'g4116.t1', 'g1370.t1', 'g2647.t1', 'g2013.t1', 'g7565.t1', 'g963.t1', 'g2834.t1', 'g4300.t1', 'g1779.t1', 'g724.t1', 'g4652.t1',
'g712.t1', 'g4745.t1', 'g2289.t1', 'g4114.t1', 'g6812.t1', 'g6195.t1', 'g7017.t1', 'g7181.t1', 'g4771.t1', 'g2271.t1', 'g574.t1', 'g2619.t1',
'g5124.t1', 'g1689.t1', 'g6419.t1', 'g676.t1', 'g3830.t1', 'g2586.t1', 'g92.t1', 'g1300.t1', 'g3462.t1', 'g8115.t1', 'g3433.t1', 'g5385.t1',
'g2766.t1', 'g7156.t2', 'g7483.t1', 'g2206.t1', 'g4887.t1', 'g7313.t1', 'g3127.t1', 'g2723.t1', 'g5813.t1', 'g7029.t2', 'g2508.t1', 'g4958.t1',
'g3959.t1', 'g867.t1', 'g6990.t1', 'g1417.t1', 'g7680.t1', 'g4505.t1', 'g909.t1', 'g1943.t1', 'g7446.t1', 'g6575.t1', 'g7190.t2', 'g7373.t1',
'g6828.t1', 'g115.t1', 'g5046.t1', 'g2474.t1', 'g365.t1', 'g4663.t1', 'g6520.t2', 'g6591.t1', 'g4328.t1', 'g344.t2', 'g7878.t1', 'g7441.t1',
'g2303.t1', 'g60.t1', 'g1871.t1', 'g6569.t1', 'g4123.t1', 'g3777.t1', 'g1814.t1', 'g4369.t1', 'g6745.t1', 'g4969.t1', 'g2428.t1', 'g2629.t1',
'g7194.t1', 'g8229.t1', 'g3637.t1', 'g4443.t1', 'g7462.t1', 'g346.t1', 'g8005.t1', 'g5108.t1', 'g1484.t1', 'g7050.t1', 'g2780.t1', 'g2739.t1',
'g3361.t1', 'g6149.t1', 'g2670.t1', 'g4515.t1', 'g3582.t1', 'g1803.t1', 'g4754.t1', 'g5464.t1', 'g1664.t1', 'g1158.t1', 'g4988.t1', 'g4584.t1',
'g1119.t1', 'g7709.t1', 'g3272.t1', 'g7682.t1', 'g6752.t1', 'g6992.t1', 'g2301.t1', 'g7025.t1', 'g18.t1', 'g3898.t1', 'g3891.t1', 'g7980.t1',
'g7035.t1', 'g2623.t1', 'g7782.t1', 'g2298.t1', 'g1497.t1', 'g7168.t1', 'g4419.t1', 'g5834.t1', 'g2174.t1', 'g6936.t1', 'g1152.t1', 'g7222.t1',
'g1674.t1', 'g1008.t1', 'g2475.t1', 'g7660.t1', 'g6961.t1', 'g2816.t1', 'g7190.t1', 'g390.t1', 'g5998.t1', 'g6425.t1', 'g5994.t1', 'g2975.t1',
'g1854.t1', 'g6762.t1', 'g5268.t1', 'g6288.t1'}